components/profile/academic/academic-form.tsx(30,9): error TS2322: Type 'Resolver<{ entryYear: unknown; status: "cursando" | "formado" | "trancado" | "desligado"; id?: string | undefined; graduationYear?: unknown; studentIdCode?: string | undefined; }, any, { entryYear: number; status: "cursando" | ... 2 more ... | "desligado"; id?: string | undefined; graduationYear?: number | undefined...' is not assignable to type 'Resolver<{ entryYear: number; status: "cursando" | "formado" | "trancado" | "desligado"; id?: string | undefined; graduationYear?: number | undefined; studentIdCode?: string | undefined; }, any, { ...; }>'.
  Types of parameters 'options' and 'options' are incompatible.
    Type 'ResolverOptions<{ entryYear: number; status: "cursando" | "formado" | "trancado" | "desligado"; id?: string | undefined; graduationYear?: number | undefined; studentIdCode?: string | undefined; }>' is not assignable to type 'ResolverOptions<{ entryYear: unknown; status: "cursando" | "formado" | "trancado" | "desligado"; id?: string | undefined; graduationYear?: unknown; studentIdCode?: string | undefined; }>'.
      Type 'unknown' is not assignable to type 'number'.
components/profile/academic/academic-form.tsx(54,47): error TS2345: Argument of type '(values: { entryYear: number; status: "cursando" | "formado" | "trancado" | "desligado"; id?: string | undefined; graduationYear?: number | undefined; studentIdCode?: string | undefined; }) => Promise<...>' is not assignable to parameter of type 'SubmitHandler<TFieldValues>'.
  Types of parameters 'values' and 'data' are incompatible.
    Type 'TFieldValues' is not assignable to type '{ entryYear: number; status: "cursando" | "formado" | "trancado" | "desligado"; id?: string | undefined; graduationYear?: number | undefined; studentIdCode?: string | undefined; }'.
      Type 'FieldValues' is missing the following properties from type '{ entryYear: number; status: "cursando" | "formado" | "trancado" | "desligado"; id?: string | undefined; graduationYear?: number | undefined; studentIdCode?: string | undefined; }': entryYear, status
components/profile/academic/academic-form.tsx(57,25): error TS2322: Type 'Control<{ entryYear: number; status: "cursando" | "formado" | "trancado" | "desligado"; id?: string | undefined; graduationYear?: number | undefined; studentIdCode?: string | undefined; }, any, TFieldValues>' is not assignable to type 'Control<{ entryYear: number; status: "cursando" | "formado" | "trancado" | "desligado"; id?: string | undefined; graduationYear?: number | undefined; studentIdCode?: string | undefined; }, any, { ...; }>'.
  The types of '_options.resolver' are incompatible between these types.
    Type 'Resolver<{ entryYear: number; status: "cursando" | "formado" | "trancado" | "desligado"; id?: string | undefined; graduationYear?: number | undefined; studentIdCode?: string | undefined; }, any, TFieldValues> | undefined' is not assignable to type 'Resolver<{ entryYear: number; status: "cursando" | "formado" | "trancado" | "desligado"; id?: string | undefined; graduationYear?: number | undefined; studentIdCode?: string | undefined; }, any, { ...; }> | undefined'.
      Type 'Resolver<{ entryYear: number; status: "cursando" | "formado" | "trancado" | "desligado"; id?: string | undefined; graduationYear?: number | undefined; studentIdCode?: string | undefined; }, any, TFieldValues>' is not assignable to type 'Resolver<{ entryYear: number; status: "cursando" | "formado" | "trancado" | "desligado"; id?: string | undefined; graduationYear?: number | undefined; studentIdCode?: string | undefined; }, any, { ...; }>'.
        Type 'ResolverResult<{ entryYear: number; status: "cursando" | "formado" | "trancado" | "desligado"; id?: string | undefined; graduationYear?: number | undefined; studentIdCode?: string | undefined; }, TFieldValues> | Promise<...>' is not assignable to type 'ResolverResult<{ entryYear: number; status: "cursando" | "formado" | "trancado" | "desligado"; id?: string | undefined; graduationYear?: number | undefined; studentIdCode?: string | undefined; }, { ...; }> | Promise<...>'.
          Type 'ResolverSuccess<TFieldValues>' is not assignable to type 'ResolverResult<{ entryYear: number; status: "cursando" | "formado" | "trancado" | "desligado"; id?: string | undefined; graduationYear?: number | undefined; studentIdCode?: string | undefined; }, { ...; }> | Promise<...>'.
            Type 'ResolverSuccess<TFieldValues>' is not assignable to type 'ResolverSuccess<{ entryYear: number; status: "cursando" | "formado" | "trancado" | "desligado"; id?: string | undefined; graduationYear?: number | undefined; studentIdCode?: string | undefined; }>'.
              Type 'TFieldValues' is not assignable to type '{ entryYear: number; status: "cursando" | "formado" | "trancado" | "desligado"; id?: string | undefined; graduationYear?: number | undefined; studentIdCode?: string | undefined; }'.
                Type 'FieldValues' is missing the following properties from type '{ entryYear: number; status: "cursando" | "formado" | "trancado" | "desligado"; id?: string | undefined; graduationYear?: number | undefined; studentIdCode?: string | undefined; }': entryYear, status
components/profile/academic/academic-form.tsx(70,25): error TS2322: Type 'Control<{ entryYear: number; status: "cursando" | "formado" | "trancado" | "desligado"; id?: string | undefined; graduationYear?: number | undefined; studentIdCode?: string | undefined; }, any, TFieldValues>' is not assignable to type 'Control<{ entryYear: number; status: "cursando" | "formado" | "trancado" | "desligado"; id?: string | undefined; graduationYear?: number | undefined; studentIdCode?: string | undefined; }, any, { ...; }>'.
  The types of '_options.resolver' are incompatible between these types.
    Type 'Resolver<{ entryYear: number; status: "cursando" | "formado" | "trancado" | "desligado"; id?: string | undefined; graduationYear?: number | undefined; studentIdCode?: string | undefined; }, any, TFieldValues> | undefined' is not assignable to type 'Resolver<{ entryYear: number; status: "cursando" | "formado" | "trancado" | "desligado"; id?: string | undefined; graduationYear?: number | undefined; studentIdCode?: string | undefined; }, any, { ...; }> | undefined'.
      Type 'Resolver<{ entryYear: number; status: "cursando" | "formado" | "trancado" | "desligado"; id?: string | undefined; graduationYear?: number | undefined; studentIdCode?: string | undefined; }, any, TFieldValues>' is not assignable to type 'Resolver<{ entryYear: number; status: "cursando" | "formado" | "trancado" | "desligado"; id?: string | undefined; graduationYear?: number | undefined; studentIdCode?: string | undefined; }, any, { ...; }>'.
        Type 'ResolverResult<{ entryYear: number; status: "cursando" | "formado" | "trancado" | "desligado"; id?: string | undefined; graduationYear?: number | undefined; studentIdCode?: string | undefined; }, TFieldValues> | Promise<...>' is not assignable to type 'ResolverResult<{ entryYear: number; status: "cursando" | "formado" | "trancado" | "desligado"; id?: string | undefined; graduationYear?: number | undefined; studentIdCode?: string | undefined; }, { ...; }> | Promise<...>'.
          Type 'ResolverSuccess<TFieldValues>' is not assignable to type 'ResolverResult<{ entryYear: number; status: "cursando" | "formado" | "trancado" | "desligado"; id?: string | undefined; graduationYear?: number | undefined; studentIdCode?: string | undefined; }, { ...; }> | Promise<...>'.
            Type 'ResolverSuccess<TFieldValues>' is not assignable to type 'ResolverSuccess<{ entryYear: number; status: "cursando" | "formado" | "trancado" | "desligado"; id?: string | undefined; graduationYear?: number | undefined; studentIdCode?: string | undefined; }>'.
              Type 'TFieldValues' is not assignable to type '{ entryYear: number; status: "cursando" | "formado" | "trancado" | "desligado"; id?: string | undefined; graduationYear?: number | undefined; studentIdCode?: string | undefined; }'.
                Type 'FieldValues' is missing the following properties from type '{ entryYear: number; status: "cursando" | "formado" | "trancado" | "desligado"; id?: string | undefined; graduationYear?: number | undefined; studentIdCode?: string | undefined; }': entryYear, status
components/profile/academic/academic-form.tsx(84,21): error TS2322: Type 'Control<{ entryYear: number; status: "cursando" | "formado" | "trancado" | "desligado"; id?: string | undefined; graduationYear?: number | undefined; studentIdCode?: string | undefined; }, any, TFieldValues>' is not assignable to type 'Control<{ entryYear: number; status: "cursando" | "formado" | "trancado" | "desligado"; id?: string | undefined; graduationYear?: number | undefined; studentIdCode?: string | undefined; }, any, { ...; }>'.
  The types of '_options.resolver' are incompatible between these types.
    Type 'Resolver<{ entryYear: number; status: "cursando" | "formado" | "trancado" | "desligado"; id?: string | undefined; graduationYear?: number | undefined; studentIdCode?: string | undefined; }, any, TFieldValues> | undefined' is not assignable to type 'Resolver<{ entryYear: number; status: "cursando" | "formado" | "trancado" | "desligado"; id?: string | undefined; graduationYear?: number | undefined; studentIdCode?: string | undefined; }, any, { ...; }> | undefined'.
      Type 'Resolver<{ entryYear: number; status: "cursando" | "formado" | "trancado" | "desligado"; id?: string | undefined; graduationYear?: number | undefined; studentIdCode?: string | undefined; }, any, TFieldValues>' is not assignable to type 'Resolver<{ entryYear: number; status: "cursando" | "formado" | "trancado" | "desligado"; id?: string | undefined; graduationYear?: number | undefined; studentIdCode?: string | undefined; }, any, { ...; }>'.
        Type 'ResolverResult<{ entryYear: number; status: "cursando" | "formado" | "trancado" | "desligado"; id?: string | undefined; graduationYear?: number | undefined; studentIdCode?: string | undefined; }, TFieldValues> | Promise<...>' is not assignable to type 'ResolverResult<{ entryYear: number; status: "cursando" | "formado" | "trancado" | "desligado"; id?: string | undefined; graduationYear?: number | undefined; studentIdCode?: string | undefined; }, { ...; }> | Promise<...>'.
          Type 'ResolverSuccess<TFieldValues>' is not assignable to type 'ResolverResult<{ entryYear: number; status: "cursando" | "formado" | "trancado" | "desligado"; id?: string | undefined; graduationYear?: number | undefined; studentIdCode?: string | undefined; }, { ...; }> | Promise<...>'.
            Type 'ResolverSuccess<TFieldValues>' is not assignable to type 'ResolverSuccess<{ entryYear: number; status: "cursando" | "formado" | "trancado" | "desligado"; id?: string | undefined; graduationYear?: number | undefined; studentIdCode?: string | undefined; }>'.
              Type 'TFieldValues' is not assignable to type '{ entryYear: number; status: "cursando" | "formado" | "trancado" | "desligado"; id?: string | undefined; graduationYear?: number | undefined; studentIdCode?: string | undefined; }'.
                Type 'FieldValues' is missing the following properties from type '{ entryYear: number; status: "cursando" | "formado" | "trancado" | "desligado"; id?: string | undefined; graduationYear?: number | undefined; studentIdCode?: string | undefined; }': entryYear, status
components/profile/academic/academic-form.tsx(97,21): error TS2322: Type 'Control<{ entryYear: number; status: "cursando" | "formado" | "trancado" | "desligado"; id?: string | undefined; graduationYear?: number | undefined; studentIdCode?: string | undefined; }, any, TFieldValues>' is not assignable to type 'Control<{ entryYear: number; status: "cursando" | "formado" | "trancado" | "desligado"; id?: string | undefined; graduationYear?: number | undefined; studentIdCode?: string | undefined; }, any, { ...; }>'.
  The types of '_options.resolver' are incompatible between these types.
    Type 'Resolver<{ entryYear: number; status: "cursando" | "formado" | "trancado" | "desligado"; id?: string | undefined; graduationYear?: number | undefined; studentIdCode?: string | undefined; }, any, TFieldValues> | undefined' is not assignable to type 'Resolver<{ entryYear: number; status: "cursando" | "formado" | "trancado" | "desligado"; id?: string | undefined; graduationYear?: number | undefined; studentIdCode?: string | undefined; }, any, { ...; }> | undefined'.
      Type 'Resolver<{ entryYear: number; status: "cursando" | "formado" | "trancado" | "desligado"; id?: string | undefined; graduationYear?: number | undefined; studentIdCode?: string | undefined; }, any, TFieldValues>' is not assignable to type 'Resolver<{ entryYear: number; status: "cursando" | "formado" | "trancado" | "desligado"; id?: string | undefined; graduationYear?: number | undefined; studentIdCode?: string | undefined; }, any, { ...; }>'.
        Type 'ResolverResult<{ entryYear: number; status: "cursando" | "formado" | "trancado" | "desligado"; id?: string | undefined; graduationYear?: number | undefined; studentIdCode?: string | undefined; }, TFieldValues> | Promise<...>' is not assignable to type 'ResolverResult<{ entryYear: number; status: "cursando" | "formado" | "trancado" | "desligado"; id?: string | undefined; graduationYear?: number | undefined; studentIdCode?: string | undefined; }, { ...; }> | Promise<...>'.
          Type 'ResolverSuccess<TFieldValues>' is not assignable to type 'ResolverResult<{ entryYear: number; status: "cursando" | "formado" | "trancado" | "desligado"; id?: string | undefined; graduationYear?: number | undefined; studentIdCode?: string | undefined; }, { ...; }> | Promise<...>'.
            Type 'ResolverSuccess<TFieldValues>' is not assignable to type 'ResolverSuccess<{ entryYear: number; status: "cursando" | "formado" | "trancado" | "desligado"; id?: string | undefined; graduationYear?: number | undefined; studentIdCode?: string | undefined; }>'.
              Type 'TFieldValues' is not assignable to type '{ entryYear: number; status: "cursando" | "formado" | "trancado" | "desligado"; id?: string | undefined; graduationYear?: number | undefined; studentIdCode?: string | undefined; }'.
                Type 'FieldValues' is missing the following properties from type '{ entryYear: number; status: "cursando" | "formado" | "trancado" | "desligado"; id?: string | undefined; graduationYear?: number | undefined; studentIdCode?: string | undefined; }': entryYear, status
